// Jest Snapshot v1, https://goo.gl/fbAQLP

exports[`should render Building 1`] = `
<button
  className="store_panel__building"
  onClick={[Function]}
  onMouseDown={[Function]}
  onMouseUp={[Function]}
>
  <div>
    <p
      className="store_panel__building_name"
    >
      Cursor
    </p>
    <p
      className="store_panel__building_cost"
    >
      <img
        alt="Cookie.png"
        src="./public/test-file-stub"
      />
       15
    </p>
  </div>
  <p
    className="store_panel__building_amount"
  >
    0
  </p>
</button>
`;
