// Jest Snapshot v1, https://goo.gl/fbAQLP

exports[`should render CookiePanel 1`] = `
<div
  className="cookie_panel"
>
  <input
    className="cookie_panel__header"
    defaultValue="SkyGate Ticket"
    type="text"
  />
  <div
    className="cookie_panel__stats"
  >
    <p>
      2500
       cookies
    </p>
    <p>
      per second: 
      10.0
    </p>
  </div>
  <button
    className="cookie_panel__button"
    onClick={[Function]}
  />
</div>
`;
