// Jest Snapshot v1, https://goo.gl/fbAQLP

exports[`should render CookiePanel 1`] = `
<div
  className="cookie_panel"
>
  <h1
    className="cookie_panel__header"
  >
    SkyGate Ticket
  </h1>
  <div
    className="cookie_panel__stats"
  >
    <p>
      2500
       cookies
    </p>
    <p>
      per second: 
      10
    </p>
  </div>
  <button
    className="cookie_panel__button"
    onClick={[Function]}
  >
    <img
      alt="cookie.jpg"
      src="https://dummyimage.com/256x256/906734/fff.jpg"
    />
  </button>
</div>
`;
