// Jest Snapshot v1, https://goo.gl/fbAQLP

exports[`should render Dashboard 1`] = `
<div
  className="dashboard"
>
  <CookiePanel
    addCookie={[Function]}
    cookiesAmount={0}
    cookiesPerSecond={0}
  />
  <div
    className="dashboard__separator"
  />
  <div
    className="dashboard__space"
  />
  <div
    className="dashboard__separator"
  />
  <div
    className="dashboard__store_container"
  >
    <StorePanel
      buildingBought={[Function]}
      cookiesAmount={0}
    />
  </div>
</div>
`;
